[html.themewin.com/edurock-preview/edurock/index.html]
[backblue.gif]
[fade.gif]
[index.html]
[html.themewin.com/edurock-preview/edurock/img/favicon.ico]
[html.themewin.com/edurock-preview/edurock/css/bootstrap.min.css]
[html.themewin.com/edurock-preview/edurock/css/animate.min.css]
[html.themewin.com/edurock-preview/edurock/css/aos.min.css]
[html.themewin.com/edurock-preview/edurock/css/magnific-popup.css]
[html.themewin.com/edurock-preview/edurock/css/icofont.min.css]
[html.themewin.com/edurock-preview/edurock/css/slick.css]
[cdn.jsdelivr.net/npm/swiper@9/swiper-bundle.min.css]
[html.themewin.com/edurock-preview/edurock/css/style.css]
[html.themewin.com/edurock-preview/edurock/img/pre.png]
[html.themewin.com/edurock-preview/edurock/index.html]
[html.themewin.com/edurock-preview/edurock/img/logo/logo.png]
[html.themewin.com/edurock-preview/edurock/index-dark.html]
[html.themewin.com/edurock-preview/edurock/home-2.html]
[html.themewin.com/edurock-preview/edurock/home-2-dark.html]
[html.themewin.com/edurock-preview/edurock/home-3.html]
[html.themewin.com/edurock-preview/edurock/home-3-dark.html]
[html.themewin.com/edurock-preview/edurock/about.html]
[html.themewin.com/edurock-preview/edurock/]
[html.themewin.com/edurock-preview/edurock/blog-dark.html]
[html.themewin.com/edurock-preview/edurock/]
[html.themewin.com/edurock-preview/edurock/blog-details-dark.html]
[html.themewin.com/edurock-preview/edurock/course.html]
[html.themewin.com/edurock-preview/edurock/course-dark.html]
[html.themewin.com/edurock-preview/edurock/course-list.html]
[html.themewin.com/edurock-preview/edurock/course-list-dark.html]
[html.themewin.com/edurock-preview/edurock/course-grid.html]
[html.themewin.com/edurock-preview/edurock/course-grid-dark.html]
[html.themewin.com/edurock-preview/edurock/course.html]
[html.themewin.com/edurock-preview/edurock/course-details-dark.html]
[html.themewin.com/edurock-preview/edurock/course-details-2.html]
[html.themewin.com/edurock-preview/edurock/course-details-2-dark.html]
[html.themewin.com/edurock-preview/edurock/course-details-3.html]
[html.themewin.com/edurock-preview/edurock/course-details-3-dark.html]
[html.themewin.com/edurock-preview/edurock/]
[html.themewin.com/edurock-preview/edurock/about-dark.html]
[html.themewin.com/edurock-preview/edurock/contact.html]
[html.themewin.com/edurock-preview/edurock/contact-dark.html]
[html.themewin.com/edurock-preview/edurock/instructor-dark.html]
[html.themewin.com/edurock-preview/edurock/instructor-details.html]
[html.themewin.com/edurock-preview/edurock/instructor-details-dark.html]
[html.themewin.com/edurock-preview/edurock/event-details.html]
[html.themewin.com/edurock-preview/edurock/event-details-dark.html]
[html.themewin.com/edurock-preview/edurock/login.html]
[html.themewin.com/edurock-preview/edurock/login-dark.html]
[html.themewin.com/edurock-preview/edurock/error.html]
[html.themewin.com/edurock-preview/edurock/error-dark.html]
[html.themewin.com/edurock-preview/edurock/img/grid/cart1.jpg]
[html.themewin.com/edurock-preview/edurock/img/grid/cart2.jpg]
[html.themewin.com/edurock-preview/edurock/img/grid/cart3.jpg]
[html.themewin.com/edurock-preview/edurock/img/herobanner/herobanner__slider.png]
[html.themewin.com/edurock-preview/edurock/img/herobanner/herobanner__slider__2.png]
[html.themewin.com/edurock-preview/edurock/img/herobanner/herobanner__slider__3.png]
[html.themewin.com/edurock-preview/edurock/img/herobanner/herobanner__1.png]
[html.themewin.com/edurock-preview/edurock/img/herobanner/herobanner__2.png]
[html.themewin.com/edurock-preview/edurock/img/herobanner/herobanner__3.png]
[html.themewin.com/edurock-preview/edurock/img/herobanner/herobanner__4.png]
[html.themewin.com/edurock-preview/edurock/img/herobanner/herobanner__5.png]
[html.themewin.com/edurock-preview/edurock/img/brand/brand_1.png]
[html.themewin.com/edurock-preview/edurock/img/brand/brand_2.png]
[html.themewin.com/edurock-preview/edurock/img/brand/brand_3.png]
[html.themewin.com/edurock-preview/edurock/img/brand/brand_4.png]
[html.themewin.com/edurock-preview/edurock/img/brand/brand_5.png]
[html.themewin.com/edurock-preview/edurock/img/products/1.jpg]
[html.themewin.com/edurock-preview/edurock/ecommerce/product-details.html]
[html.themewin.com/edurock-preview/edurock/img/products/2.jpg]
[html.themewin.com/edurock-preview/edurock/img/products/3.jpg]
[html.themewin.com/edurock-preview/edurock/img/products/4.jpg]
[html.themewin.com/edurock-preview/edurock/img/products/5.jpg]
[html.themewin.com/edurock-preview/edurock/img/products/6.jpg]
[html.themewin.com/edurock-preview/edurock/img/products/7.jpg]
[html.themewin.com/edurock-preview/edurock/img/products/8.jpg]
[html.themewin.com/edurock-preview/edurock/img/about/about_online_.png]
[html.themewin.com/edurock-preview/edurock/img/grid/grid_1.png]
[html.themewin.com/edurock-preview/edurock/img/grid/grid_small_1.jpg]
[html.themewin.com/edurock-preview/edurock/img/grid/grid_2.png]
[html.themewin.com/edurock-preview/edurock/img/grid/grid_small_2.jpg]
[html.themewin.com/edurock-preview/edurock/img/grid/grid_3.png]
[html.themewin.com/edurock-preview/edurock/img/grid/grid_small_3.jpg]
[html.themewin.com/edurock-preview/edurock/img/grid/grid_4.png]
[html.themewin.com/edurock-preview/edurock/img/grid/grid_small_4.jpg]
[html.themewin.com/edurock-preview/edurock/img/grid/grid_5.png]
[html.themewin.com/edurock-preview/edurock/img/grid/grid_small_5.jpg]
[html.themewin.com/edurock-preview/edurock/img/grid/grid_6.png]
[html.themewin.com/edurock-preview/edurock/img/grid/grid_7.png]
[html.themewin.com/edurock-preview/edurock/img/grid/grid_8.png]
[html.themewin.com/edurock-preview/edurock/img/counter/counter__1.png]
[html.themewin.com/edurock-preview/edurock/img/counter/counter__2.png]
[html.themewin.com/edurock-preview/edurock/img/counter/counter__3.png]
[html.themewin.com/edurock-preview/edurock/img/counter/counter__4.png]
[html.themewin.com/edurock-preview/edurock/img/testimonial/testi_2.png]
[html.themewin.com/edurock-preview/edurock/img/testimonial/testi__group__1.png]
[html.themewin.com/edurock-preview/edurock/img/blog/blog_1.png]
[html.themewin.com/edurock-preview/edurock/img/blog/blog_2.png]
[html.themewin.com/edurock-preview/edurock/img/blog/blog_3.png]
[html.themewin.com/edurock-preview/edurock/img/blog/blog_4.png]
[html.themewin.com/edurock-preview/edurock/img/footer/footer__1.png]
[html.themewin.com/edurock-preview/edurock/img/footer/footer__2.png]
[html.themewin.com/edurock-preview/edurock/img/footer/footer__3.png]
[html.themewin.com/edurock-preview/edurock/img/logo/logo.png]
[html.themewin.com/edurock-preview/edurock/js/vendor/modernizr-3.5.0.min.js]
[html.themewin.com/edurock-preview/edurock/js/vendor/jquery-3.6.0.min.js]
[html.themewin.com/edurock-preview/edurock/js/popper.min.js]
[html.themewin.com/edurock-preview/edurock/js/bootstrap.min.js]
[html.themewin.com/edurock-preview/edurock/js/isotope.pkgd.min.js]
[html.themewin.com/edurock-preview/edurock/js/slick.min.js]
[html.themewin.com/edurock-preview/edurock/js/jquery.meanmenu.min.js]
[html.themewin.com/edurock-preview/edurock/js/ajax-form.js]
[html.themewin.com/edurock-preview/edurock/js/wow.min.js]
[html.themewin.com/edurock-preview/edurock/js/jquery.scrollUp.min.js]
[html.themewin.com/edurock-preview/edurock/js/imagesloaded.pkgd.min.js]
[html.themewin.com/edurock-preview/edurock/js/jquery.magnific-popup.min.js]
[html.themewin.com/edurock-preview/edurock/js/waypoints.min.js]
[html.themewin.com/edurock-preview/edurock/js/jquery.counterup.min.js]
[html.themewin.com/edurock-preview/edurock/js/plugins.js]
[cdn.jsdelivr.net/npm/swiper@9/swiper-bundle.min.js]
[html.themewin.com/edurock-preview/edurock/index.html]
[html.themewin.com/edurock-preview/edurock/js/main.js]
[html.themewin.com/edurock-preview/edurock/css/bootstrap.min.css]
[html.themewin.com/edurock-preview/edurock/css/animate.min.css]
[html.themewin.com/edurock-preview/edurock/css/aos.min.css]
[html.themewin.com/edurock-preview/edurock/css/magnific-popup.css]
[html.themewin.com/edurock-preview/edurock/fonts/icofont.woff2]
[html.themewin.com/edurock-preview/edurock/fonts/icofont.woff]
[html.themewin.com/edurock-preview/edurock/css/icofont.min.css]
[html.themewin.com/edurock-preview/edurock/css/slick.css]
[cdn.jsdelivr.net/npm/swiper@9/swiper-bundle.min.css]
[html.themewin.com/edurock-preview/edurock/img/about/about_8.png]
[html.themewin.com/edurock-preview/edurock/img/register/register__bg.png]
[html.themewin.com/edurock-preview/edurock/css/style.css]
[html.themewin.com/edurock-preview/edurock/scss/style.css]
[html.themewin.com/edurock-preview/edurock/home-4.html]
[html.themewin.com/edurock-preview/edurock/home-4-dark.html]
[html.themewin.com/edurock-preview/edurock/home-5.html]
[html.themewin.com/edurock-preview/edurock/home-6.html]
[html.themewin.com/edurock-preview/edurock/home-5-dark.html]
[html.themewin.com/edurock-preview/edurock/home-6-dark.html]
[html.themewin.com/edurock-preview/edurock/img/mega/mega_menu_1.png]
[html.themewin.com/edurock-preview/edurock/img/mega/home-1.png]
[html.themewin.com/edurock-preview/edurock/img/mega/home-2.png]
[html.themewin.com/edurock-preview/edurock/img/mega/home-3.png]
[html.themewin.com/edurock-preview/edurock/img/mega/home-4.png]
[html.themewin.com/edurock-preview/edurock/img/mega/home-5.png]
[html.themewin.com/edurock-preview/edurock/img/mega/home-6.png]
[html.themewin.com/edurock-preview/edurock/img/mega/home-7.png]
[html.themewin.com/edurock-preview/edurock/img/mega/home-8.png]
[html.themewin.com/edurock-preview/edurock/img/mega/home-9.png]
[html.themewin.com/edurock-preview/edurock/img/mega/home-10.png]
[html.themewin.com/edurock-preview/edurock/img/mega/home-1-dark.png]
[html.themewin.com/edurock-preview/edurock/img/mega/home-2-dark.png]
[html.themewin.com/edurock-preview/edurock/img/mega/home-3-dark.png]
[html.themewin.com/edurock-preview/edurock/img/mega/home-4-dark.png]
[html.themewin.com/edurock-preview/edurock/img/mega/home-5-dark.png]
[html.themewin.com/edurock-preview/edurock/img/mega/home-6-dark.png]
[html.themewin.com/edurock-preview/edurock/img/mega/home-7-dark.png]
[html.themewin.com/edurock-preview/edurock/img/mega/home-8-dark.png]
[html.themewin.com/edurock-preview/edurock/img/mega/home-9-dark.png]
[html.themewin.com/edurock-preview/edurock/img/mega/home-10-dark.png]
[html.themewin.com/edurock-preview/edurock/img/education/education.png]
[html.themewin.com/edurock-preview/edurock/img/education/education__1.png]
[html.themewin.com/edurock-preview/edurock/img/education/education__2.png]
[html.themewin.com/edurock-preview/edurock/img/education/education__3.png]
[html.themewin.com/edurock-preview/edurock/img/education/education__4.png]
[html.themewin.com/edurock-preview/edurock/img/education/education__5.png]
[html.themewin.com/edurock-preview/edurock/img/education/education__6.png]
[html.themewin.com/edurock-preview/edurock/img/education/education__7.png]
[html.themewin.com/edurock-preview/edurock/img/about/about_16.png]
[html.themewin.com/edurock-preview/edurock/img/education/hero_shape2.png]
[html.themewin.com/edurock-preview/edurock/img/education/hero_shape3.png]
[html.themewin.com/edurock-preview/edurock/img/education/hero_shape4.png]
[html.themewin.com/edurock-preview/edurock/img/education/hero_shape5.png]
[html.themewin.com/edurock-preview/edurock/img/about/about_1.png]
[html.themewin.com/edurock-preview/edurock/img/icon/video.png]
[html.themewin.com/edurock-preview/edurock/img/register/register__1.png]
[html.themewin.com/edurock-preview/edurock/img/register/register__2.png]
[html.themewin.com/edurock-preview/edurock/img/register/register__3.png]
[html.themewin.com/edurock-preview/edurock/img/event/event__1.png]
[html.themewin.com/edurock-preview/edurock/img/event/event__2.png]
[html.themewin.com/edurock-preview/edurock/img/event/event__3.png]
[html.themewin.com/edurock-preview/edurock/img/event/event__4.png]
[html.themewin.com/edurock-preview/edurock/img/testimonial/testi_1.png]
[html.themewin.com/edurock-preview/edurock/img/brand/brand_6.png]
[html.themewin.com/edurock-preview/edurock/img/brand/brand_7.png]
[html.themewin.com/edurock-preview/edurock/img/brand/brand_8.png]
[html.themewin.com/edurock-preview/edurock/img/brand/brand_9.png]
[html.themewin.com/edurock-preview/edurock/index.html]
[html.themewin.com/edurock-preview/edurock/index-dark.html]
[html.themewin.com/edurock-preview/edurock/img/herobanner/herobanner__6.png]
[html.themewin.com/edurock-preview/edurock/img/herobanner/herobanner__7.png]
[html.themewin.com/edurock-preview/edurock/img/about/about_2.png]
[html.themewin.com/edurock-preview/edurock/img/about/about_3.png]
[html.themewin.com/edurock-preview/edurock/img/about/about_4.png]
[html.themewin.com/edurock-preview/edurock/img/about/about_11.png]
[html.themewin.com/edurock-preview/edurock/img/service/service__shape__1.png]
[html.themewin.com/edurock-preview/edurock/img/service/service__shape__bg__1.png]
[html.themewin.com/edurock-preview/edurock/img/icon/price__1.png]
[html.themewin.com/edurock-preview/edurock/img/icon/price__2.png]
[html.themewin.com/edurock-preview/edurock/img/icon/price__3.png]
[html.themewin.com/edurock-preview/edurock/img/about/about_5.png]
[html.themewin.com/edurock-preview/edurock/img/about/about_6.png]
[html.themewin.com/edurock-preview/edurock/img/about/about_7.png]
[html.themewin.com/edurock-preview/edurock/img/about/about_9.png]
[html.themewin.com/edurock-preview/edurock/home-2.html]
[html.themewin.com/edurock-preview/edurock/home-2-dark.html]
[html.themewin.com/edurock-preview/edurock/img/about/about_10.png]
[html.themewin.com/edurock-preview/edurock/img/about/about_13.png]
[html.themewin.com/edurock-preview/edurock/img/about/about_12.png]
[html.themewin.com/edurock-preview/edurock/img/team/team__1.png]
[html.themewin.com/edurock-preview/edurock/img/team/team__2.png]
[html.themewin.com/edurock-preview/edurock/img/team/team__3.png]
[html.themewin.com/edurock-preview/edurock/img/blog/blog_5.png]
[html.themewin.com/edurock-preview/edurock/img/blog/blog_24.png]
[html.themewin.com/edurock-preview/edurock/img/blog/blog_25.png]
[html.themewin.com/edurock-preview/edurock/home-3.html]
[html.themewin.com/edurock-preview/edurock/home-3-dark.html]
[html.themewin.com/edurock-preview/edurock/img/about/about_14.png]
[html.themewin.com/edurock-preview/edurock/img/about/about_15.png]
[html.themewin.com/edurock-preview/edurock/img/about/award-1.jpg]
[html.themewin.com/edurock-preview/edurock/img/about/award-2.jpg]
[html.themewin.com/edurock-preview/edurock/img/about/award-3.jpg]
[html.themewin.com/edurock-preview/edurock/img/about/award-4.jpg]
[html.themewin.com/edurock-preview/edurock/img/grid/grid_9.png]
[html.themewin.com/edurock-preview/edurock/about.html]
[html.themewin.com/edurock-preview/edurock/img/blog/blog_6.png]
[html.themewin.com/edurock-preview/edurock/img/blog/blog_7.png]
[html.themewin.com/edurock-preview/edurock/img/blog/blog_8.png]
[html.themewin.com/edurock-preview/edurock/img/blog/blog_9.png]
[html.themewin.com/edurock-preview/edurock/img/blog/blog_10.png]
[html.themewin.com/edurock-preview/edurock/img/blog/blog_11.png]
[html.themewin.com/edurock-preview/edurock/img/blog/blog_12.png]
[html.themewin.com/edurock-preview/edurock/img/blog/blog_13.png]
[html.themewin.com/edurock-preview/edurock/img/blog/blog_14.png]
[html.themewin.com/edurock-preview/edurock/img/blog/blog_18.png]
[html.themewin.com/edurock-preview/edurock/img/blog/blog_19.png]
[html.themewin.com/edurock-preview/edurock/img/blog/blog_20.png]
[html.themewin.com/edurock-preview/edurock/]
[html.themewin.com/edurock-preview/edurock/blog-dark.html]
[html.themewin.com/edurock-preview/edurock/img/blog/blog_21.png]
[html.themewin.com/edurock-preview/edurock/img/blog/blog_22.png]
[html.themewin.com/edurock-preview/edurock/img/blog/blog_23.png]
[html.themewin.com/edurock-preview/edurock/img/blog-details/blog-details__1.png]
[html.themewin.com/edurock-preview/edurock/img/blog-details/blog-details__2.png]
[html.themewin.com/edurock-preview/edurock/img/blog-details/blog-details__3.png]
[html.themewin.com/edurock-preview/edurock/img/blog-details/blog-details__4.png]
[html.themewin.com/edurock-preview/edurock/]
[html.themewin.com/edurock-preview/edurock/blog-details-dark.html]
[html.themewin.com/edurock-preview/edurock/course.html]
[html.themewin.com/edurock-preview/edurock/course-dark.html]
[html.themewin.com/edurock-preview/edurock/course-list.html]
[html.themewin.com/edurock-preview/edurock/course-list-dark.html]
[html.themewin.com/edurock-preview/edurock/course-grid.html]
[html.themewin.com/edurock-preview/edurock/course-grid-dark.html]
[html.themewin.com/edurock-preview/edurock/img/teacher/teacher__2.png]
[html.themewin.com/edurock-preview/edurock/img/teacher/teacher__1.png]
[html.themewin.com/edurock-preview/edurock/img/teacher/teacher__3.png]
[html.themewin.com/edurock-preview/edurock/img/blog-details/blog-details__6.png]
[html.themewin.com/edurock-preview/edurock/img/blog-details/blog-details__7.png]
[html.themewin.com/edurock-preview/edurock/img/blog-details/blog-details__8.png]
[html.themewin.com/edurock-preview/edurock/course.html]
[html.themewin.com/edurock-preview/edurock/course-details-dark.html]
[html.themewin.com/edurock-preview/edurock/course-details-2.html]
[html.themewin.com/edurock-preview/edurock/course-details-2-dark.html]
[html.themewin.com/edurock-preview/edurock/course-details-3.html]
[html.themewin.com/edurock-preview/edurock/course-details-3-dark.html]
[html.themewin.com/edurock-preview/edurock/img/teacher/teacher__4.png]
[html.themewin.com/edurock-preview/edurock/img/teacher/teacher__5.png]
[html.themewin.com/edurock-preview/edurock/img/teacher/teacher__6.png]
[html.themewin.com/edurock-preview/edurock/]
[html.themewin.com/edurock-preview/edurock/about-dark.html]
[html.themewin.com/edurock-preview/edurock/contact.html]
[html.themewin.com/edurock-preview/edurock/contact-dark.html]
[html.themewin.com/edurock-preview/edurock/instructor-dark.html]
[html.themewin.com/edurock-preview/edurock/img/team/team__4.png]
[html.themewin.com/edurock-preview/edurock/instructor-details.html]
[html.themewin.com/edurock-preview/edurock/instructor-details-dark.html]
[html.themewin.com/edurock-preview/edurock/img/event/event__5.png]
[html.themewin.com/edurock-preview/edurock/img/event/event__6.png]
[html.themewin.com/edurock-preview/edurock/img/icon/event__details__2.png]
[html.themewin.com/edurock-preview/edurock/event-details.html]
[html.themewin.com/edurock-preview/edurock/event-details-dark.html]
[html.themewin.com/edurock-preview/edurock/login.html]
[html.themewin.com/edurock-preview/edurock/login-dark.html]
[html.themewin.com/edurock-preview/edurock/img/icon/error__1.png]
[html.themewin.com/edurock-preview/edurock/error.html]
[html.themewin.com/edurock-preview/edurock/error-dark.html]
[html.themewin.com/edurock-preview/edurock/shop-product.html]
[html.themewin.com/edurock-preview/edurock/portfolio.html]
[html.themewin.com/edurock-preview/edurock/img/grid/kid_1.jpg]
[html.themewin.com/edurock-preview/edurock/img/grid/kid_2.jpg]
[html.themewin.com/edurock-preview/edurock/img/grid/kid_3.jpg]
[html.themewin.com/edurock-preview/edurock/img/grid/kid_4.jpg]
[html.themewin.com/edurock-preview/edurock/ecommerce/product-details.html]
[html.themewin.com/edurock-preview/edurock/scss/style.css]
[html.themewin.com/edurock-preview/edurock/home-4.html]
[html.themewin.com/edurock-preview/edurock/home-4-dark.html]
[html.themewin.com/edurock-preview/edurock/img/herobanner/herobanner__video.jpg]
[html.themewin.com/edurock-preview/edurock/home-5.html]
[html.themewin.com/edurock-preview/edurock/home-5-dark.html]
[html.themewin.com/edurock-preview/edurock/home-6.html]
[html.themewin.com/edurock-preview/edurock/home-6-dark.html]
[html.themewin.com/edurock-preview/edurock/]
[html.themewin.com/edurock-preview/edurock/ecommerce/index.html]
[html.themewin.com/edurock-preview/edurock/ecommerce/shop-product.html]
[html.themewin.com/edurock-preview/edurock/ecommerce/instructor-details.html]
[html.themewin.com/edurock-preview/edurock/img/blog/blog_16.png]
[html.themewin.com/edurock-preview/edurock/img/blog/blog_15.png]
[html.themewin.com/edurock-preview/edurock/img/blog/blog_17.png]
